2026-05-17 00:03:39.389 -08:00 [INF] Authorization header exists: true
2026-05-17 00:03:39.445 -08:00 [ERR] JWT authentication failed
Microsoft.IdentityModel.Tokens.SecurityTokenExpiredException: IDX10223: Lifetime validation failed. The token is expired. ValidTo (UTC): '17-05-2026 7:42:31', Current time (UTC): '17-05-2026 8:03:39'.
   at Microsoft.IdentityModel.Tokens.ValidatorUtilities.ValidateLifetime(Nullable`1 notBefore, Nullable`1 expires, SecurityToken securityToken, TokenValidationParameters validationParameters)
   at Microsoft.IdentityModel.Tokens.Validators.ValidateLifetime(Nullable`1 notBefore, Nullable`1 expires, SecurityToken securityToken, TokenValidationParameters validationParameters)
   at Microsoft.IdentityModel.JsonWebTokens.JsonWebTokenHandler.ValidateTokenPayloadAsync(JsonWebToken jsonWebToken, TokenValidationParameters validationParameters, BaseConfiguration configuration)
   at Microsoft.IdentityModel.JsonWebTokens.JsonWebTokenHandler.ValidateJWSAsync(JsonWebToken jsonWebToken, TokenValidationParameters validationParameters, BaseConfiguration configuration)
2026-05-17 00:03:39.465 -08:00 [WRN] JWT challenge. Error=invalid_token, Description=The token expired at '05/17/2026 07:42:31'
2026-05-17 00:03:39.469 -08:00 [INF] HTTP POST /hubs/sessions/negotiate completed with 401 in 80 ms (0HNLJSCA8SNM7:00000001)
2026-05-17 00:03:50.209 -08:00 [INF] Authorization header exists: true
2026-05-17 00:03:50.230 -08:00 [ERR] JWT authentication failed
Microsoft.IdentityModel.Tokens.SecurityTokenExpiredException: IDX10223: Lifetime validation failed. The token is expired. ValidTo (UTC): '17-05-2026 7:42:31', Current time (UTC): '17-05-2026 8:03:50'.
   at Microsoft.IdentityModel.Tokens.ValidatorUtilities.ValidateLifetime(Nullable`1 notBefore, Nullable`1 expires, SecurityToken securityToken, TokenValidationParameters validationParameters)
   at Microsoft.IdentityModel.Tokens.Validators.ValidateLifetime(Nullable`1 notBefore, Nullable`1 expires, SecurityToken securityToken, TokenValidationParameters validationParameters)
   at Microsoft.IdentityModel.JsonWebTokens.JsonWebTokenHandler.ValidateTokenPayloadAsync(JsonWebToken jsonWebToken, TokenValidationParameters validationParameters, BaseConfiguration configuration)
   at Microsoft.IdentityModel.JsonWebTokens.JsonWebTokenHandler.ValidateJWSAsync(JsonWebToken jsonWebToken, TokenValidationParameters validationParameters, BaseConfiguration configuration)
2026-05-17 00:03:50.232 -08:00 [WRN] JWT challenge. Error=invalid_token, Description=The token expired at '05/17/2026 07:42:31'
2026-05-17 00:03:50.233 -08:00 [INF] HTTP POST /hubs/sessions/negotiate completed with 401 in 23 ms (0HNLJSCA8SNM9:00000001)
2026-05-17 00:52:38.025 -08:00 [INF] Authorization header exists: true
2026-05-17 00:52:38.236 -08:00 [ERR] JWT authentication failed
Microsoft.IdentityModel.Tokens.SecurityTokenExpiredException: IDX10223: Lifetime validation failed. The token is expired. ValidTo (UTC): '17-05-2026 7:42:31', Current time (UTC): '17-05-2026 8:52:38'.
   at Microsoft.IdentityModel.Tokens.ValidatorUtilities.ValidateLifetime(Nullable`1 notBefore, Nullable`1 expires, SecurityToken securityToken, TokenValidationParameters validationParameters)
   at Microsoft.IdentityModel.Tokens.Validators.ValidateLifetime(Nullable`1 notBefore, Nullable`1 expires, SecurityToken securityToken, TokenValidationParameters validationParameters)
   at Microsoft.IdentityModel.JsonWebTokens.JsonWebTokenHandler.ValidateTokenPayloadAsync(JsonWebToken jsonWebToken, TokenValidationParameters validationParameters, BaseConfiguration configuration)
   at Microsoft.IdentityModel.JsonWebTokens.JsonWebTokenHandler.ValidateJWSAsync(JsonWebToken jsonWebToken, TokenValidationParameters validationParameters, BaseConfiguration configuration)
2026-05-17 00:52:38.255 -08:00 [WRN] JWT challenge. Error=invalid_token, Description=The token expired at '05/17/2026 07:42:31'
2026-05-17 00:52:38.263 -08:00 [INF] HTTP POST /hubs/sessions/negotiate completed with 401 in 238 ms (0HNLJSCA8SNMB:00000001)
2026-05-17 00:52:42.724 -08:00 [INF] Authorization header exists: true
2026-05-17 00:52:42.754 -08:00 [ERR] JWT authentication failed
Microsoft.IdentityModel.Tokens.SecurityTokenExpiredException: IDX10223: Lifetime validation failed. The token is expired. ValidTo (UTC): '17-05-2026 7:42:31', Current time (UTC): '17-05-2026 8:52:42'.
   at Microsoft.IdentityModel.Tokens.ValidatorUtilities.ValidateLifetime(Nullable`1 notBefore, Nullable`1 expires, SecurityToken securityToken, TokenValidationParameters validationParameters)
   at Microsoft.IdentityModel.Tokens.Validators.ValidateLifetime(Nullable`1 notBefore, Nullable`1 expires, SecurityToken securityToken, TokenValidationParameters validationParameters)
   at Microsoft.IdentityModel.JsonWebTokens.JsonWebTokenHandler.ValidateTokenPayloadAsync(JsonWebToken jsonWebToken, TokenValidationParameters validationParameters, BaseConfiguration configuration)
   at Microsoft.IdentityModel.JsonWebTokens.JsonWebTokenHandler.ValidateJWSAsync(JsonWebToken jsonWebToken, TokenValidationParameters validationParameters, BaseConfiguration configuration)
2026-05-17 00:52:42.757 -08:00 [WRN] JWT challenge. Error=invalid_token, Description=The token expired at '05/17/2026 07:42:31'
2026-05-17 00:52:42.758 -08:00 [INF] HTTP POST /hubs/sessions/negotiate completed with 401 in 34 ms (0HNLJSCA8SNMD:00000001)
2026-05-17 00:52:42.771 -08:00 [INF] Authorization header exists: true
2026-05-17 00:52:42.801 -08:00 [ERR] JWT authentication failed
Microsoft.IdentityModel.Tokens.SecurityTokenExpiredException: IDX10223: Lifetime validation failed. The token is expired. ValidTo (UTC): '17-05-2026 7:42:31', Current time (UTC): '17-05-2026 8:52:42'.
   at Microsoft.IdentityModel.Tokens.ValidatorUtilities.ValidateLifetime(Nullable`1 notBefore, Nullable`1 expires, SecurityToken securityToken, TokenValidationParameters validationParameters)
   at Microsoft.IdentityModel.Tokens.Validators.ValidateLifetime(Nullable`1 notBefore, Nullable`1 expires, SecurityToken securityToken, TokenValidationParameters validationParameters)
   at Microsoft.IdentityModel.JsonWebTokens.JsonWebTokenHandler.ValidateTokenPayloadAsync(JsonWebToken jsonWebToken, TokenValidationParameters validationParameters, BaseConfiguration configuration)
   at Microsoft.IdentityModel.JsonWebTokens.JsonWebTokenHandler.ValidateJWSAsync(JsonWebToken jsonWebToken, TokenValidationParameters validationParameters, BaseConfiguration configuration)
2026-05-17 00:52:42.803 -08:00 [WRN] JWT challenge. Error=invalid_token, Description=The token expired at '05/17/2026 07:42:31'
2026-05-17 00:52:42.804 -08:00 [INF] HTTP GET /api/Users completed with 401 in 33 ms (0HNLJSCA8SNMC:00000005)
2026-05-17 10:25:33.437 -08:00 [WRN] Sensitive data logging is enabled. Log entries and exception messages may include sensitive application data; this mode should only be enabled during development.
2026-05-17 10:25:34.660 -08:00 [INF] Admin wildcard access policy already exists
2026-05-17 10:25:35.258 -08:00 [INF] Now listening on: https://localhost:7259
2026-05-17 10:25:35.261 -08:00 [INF] Now listening on: http://localhost:5244
2026-05-17 10:25:35.332 -08:00 [INF] Application started. Press Ctrl+C to shut down.
2026-05-17 10:25:35.334 -08:00 [INF] Hosting environment: Development
2026-05-17 10:25:35.335 -08:00 [INF] Content root path: C:\PrivateProject\algo.bytes\src\algo.API
2026-05-17 10:27:46.218 -08:00 [INF] Authorization header exists: false
2026-05-17 10:27:46.276 -08:00 [INF] MediatR handling started LoginCommand
2026-05-17 10:27:46.794 -08:00 [INF] MediatR handling completed LoginCommand in 518 ms
2026-05-17 10:27:46.810 -08:00 [INF] HTTP POST /api/Auth/login completed with 200 in 641 ms (0HNLK87UVT9CP:00000003)
2026-05-17 10:27:46.975 -08:00 [INF] Authorization header exists: true
2026-05-17 10:27:47.007 -08:00 [INF] Authorization header exists: true
2026-05-17 10:27:47.067 -08:00 [INF] JWT token validated. IsAuthenticated=true
2026-05-17 10:27:47.067 -08:00 [INF] JWT token validated. IsAuthenticated=true
2026-05-17 10:27:47.080 -08:00 [INF] HTTP POST /hubs/sessions/negotiate completed with 200 in 108 ms (0HNLK87UVT9CQ:00000001)
2026-05-17 10:27:47.109 -08:00 [INF] MediatR handling started GetUsersQuery
2026-05-17 10:27:47.128 -08:00 [INF] Access policy check started for users:read
2026-05-17 10:27:47.155 -08:00 [INF] Access policy evaluation for users:read. UserId=790c2c93-d8e6-4b61-8a11-e4190a1c0805, Roles=[Admin], ActiveRules=7, SubjectMatched=1, ResourceActionMatched=1, Allows=1, Denies=0, Decision=Allowed
2026-05-17 10:27:47.164 -08:00 [INF] Access policy query filter started for users:read
2026-05-17 10:27:47.170 -08:00 [INF] Access policy query filter for users:read. UserId=790c2c93-d8e6-4b61-8a11-e4190a1c0805, Roles=[Admin], ActiveRules=7, SubjectMatched=1, ResourceActionMatched=1, Allows=1, Denies=0
2026-05-17 10:27:47.241 -08:00 [INF] MediatR handling completed GetUsersQuery in 132 ms
2026-05-17 10:27:47.249 -08:00 [INF] HTTP GET /api/Users completed with 200 in 245 ms (0HNLK87UVT9CP:00000009)
2026-05-17 10:27:47.394 -08:00 [INF] Authorization header exists: false
2026-05-17 10:27:47.397 -08:00 [INF] JWT token validated. IsAuthenticated=true
2026-05-17 10:28:21.475 -08:00 [INF] Authorization header exists: true
2026-05-17 10:28:21.478 -08:00 [INF] JWT token validated. IsAuthenticated=true
2026-05-17 10:28:21.493 -08:00 [INF] MediatR handling started SetUserTotpPolicyCommand
2026-05-17 10:28:21.498 -08:00 [INF] Access policy check started for users:update
2026-05-17 10:28:21.500 -08:00 [INF] Access policy evaluation for users:update. UserId=790c2c93-d8e6-4b61-8a11-e4190a1c0805, Roles=[Admin], ActiveRules=7, SubjectMatched=1, ResourceActionMatched=1, Allows=1, Denies=0, Decision=Allowed
2026-05-17 10:28:21.502 -08:00 [INF] Access policy query filter started for users:update
2026-05-17 10:28:21.504 -08:00 [INF] Access policy query filter for users:update. UserId=790c2c93-d8e6-4b61-8a11-e4190a1c0805, Roles=[Admin], ActiveRules=7, SubjectMatched=1, ResourceActionMatched=1, Allows=1, Denies=0
2026-05-17 10:28:21.527 -08:00 [INF] MediatR handling completed SetUserTotpPolicyCommand in 34 ms
2026-05-17 10:28:21.530 -08:00 [INF] HTTP PATCH /api/Users/d1ed8be4-9703-45f0-935f-3c39601b55e1/totp-policy completed with 204 in 55 ms (0HNLK87UVT9CP:0000000D)
2026-05-17 10:28:21.543 -08:00 [INF] Authorization header exists: true
2026-05-17 10:28:21.545 -08:00 [INF] JWT token validated. IsAuthenticated=true
2026-05-17 10:28:21.547 -08:00 [INF] MediatR handling started GetUsersQuery
2026-05-17 10:28:21.548 -08:00 [INF] Access policy check started for users:read
2026-05-17 10:28:21.549 -08:00 [INF] Access policy evaluation for users:read. UserId=790c2c93-d8e6-4b61-8a11-e4190a1c0805, Roles=[Admin], ActiveRules=7, SubjectMatched=1, ResourceActionMatched=1, Allows=1, Denies=0, Decision=Allowed
2026-05-17 10:28:21.551 -08:00 [INF] Access policy query filter started for users:read
2026-05-17 10:28:21.553 -08:00 [INF] Access policy query filter for users:read. UserId=790c2c93-d8e6-4b61-8a11-e4190a1c0805, Roles=[Admin], ActiveRules=7, SubjectMatched=1, ResourceActionMatched=1, Allows=1, Denies=0
2026-05-17 10:28:21.558 -08:00 [INF] MediatR handling completed GetUsersQuery in 11 ms
2026-05-17 10:28:21.559 -08:00 [INF] HTTP GET /api/Users completed with 200 in 16 ms (0HNLK87UVT9CP:00000011)
2026-05-17 10:28:23.603 -08:00 [INF] Authorization header exists: true
2026-05-17 10:28:23.605 -08:00 [INF] JWT token validated. IsAuthenticated=true
2026-05-17 10:28:23.606 -08:00 [INF] MediatR handling started SetUserTotpPolicyCommand
2026-05-17 10:28:23.607 -08:00 [INF] Access policy check started for users:update
2026-05-17 10:28:23.609 -08:00 [INF] Access policy evaluation for users:update. UserId=790c2c93-d8e6-4b61-8a11-e4190a1c0805, Roles=[Admin], ActiveRules=7, SubjectMatched=1, ResourceActionMatched=1, Allows=1, Denies=0, Decision=Allowed
2026-05-17 10:28:23.611 -08:00 [INF] Access policy query filter started for users:update
2026-05-17 10:28:23.612 -08:00 [INF] Access policy query filter for users:update. UserId=790c2c93-d8e6-4b61-8a11-e4190a1c0805, Roles=[Admin], ActiveRules=7, SubjectMatched=1, ResourceActionMatched=1, Allows=1, Denies=0
2026-05-17 10:28:23.618 -08:00 [INF] MediatR handling completed SetUserTotpPolicyCommand in 12 ms
2026-05-17 10:28:23.619 -08:00 [INF] HTTP PATCH /api/Users/d1ed8be4-9703-45f0-935f-3c39601b55e1/totp-policy completed with 204 in 16 ms (0HNLK87UVT9CP:00000013)
2026-05-17 10:28:23.625 -08:00 [INF] Authorization header exists: true
2026-05-17 10:28:23.627 -08:00 [INF] JWT token validated. IsAuthenticated=true
2026-05-17 10:28:23.629 -08:00 [INF] MediatR handling started GetUsersQuery
2026-05-17 10:28:23.636 -08:00 [INF] Access policy check started for users:read
2026-05-17 10:28:23.638 -08:00 [INF] Access policy evaluation for users:read. UserId=790c2c93-d8e6-4b61-8a11-e4190a1c0805, Roles=[Admin], ActiveRules=7, SubjectMatched=1, ResourceActionMatched=1, Allows=1, Denies=0, Decision=Allowed
2026-05-17 10:28:23.640 -08:00 [INF] Access policy query filter started for users:read
2026-05-17 10:28:23.641 -08:00 [INF] Access policy query filter for users:read. UserId=790c2c93-d8e6-4b61-8a11-e4190a1c0805, Roles=[Admin], ActiveRules=7, SubjectMatched=1, ResourceActionMatched=1, Allows=1, Denies=0
2026-05-17 10:28:23.646 -08:00 [INF] MediatR handling completed GetUsersQuery in 16 ms
2026-05-17 10:28:23.647 -08:00 [INF] HTTP GET /api/Users completed with 200 in 22 ms (0HNLK87UVT9CP:00000015)
2026-05-17 10:30:41.206 -08:00 [INF] Authorization header exists: true
2026-05-17 10:30:41.246 -08:00 [INF] JWT token validated. IsAuthenticated=true
2026-05-17 10:30:41.248 -08:00 [INF] MediatR handling started GetUsersQuery
2026-05-17 10:30:41.249 -08:00 [INF] Access policy check started for users:read
2026-05-17 10:30:41.253 -08:00 [INF] Access policy evaluation for users:read. UserId=790c2c93-d8e6-4b61-8a11-e4190a1c0805, Roles=[Admin], ActiveRules=7, SubjectMatched=1, ResourceActionMatched=1, Allows=1, Denies=0, Decision=Allowed
2026-05-17 10:30:41.255 -08:00 [INF] Access policy query filter started for users:read
2026-05-17 10:30:41.256 -08:00 [INF] Access policy query filter for users:read. UserId=790c2c93-d8e6-4b61-8a11-e4190a1c0805, Roles=[Admin], ActiveRules=7, SubjectMatched=1, ResourceActionMatched=1, Allows=1, Denies=0
2026-05-17 10:30:41.266 -08:00 [INF] MediatR handling completed GetUsersQuery in 18 ms
2026-05-17 10:30:41.267 -08:00 [INF] HTTP GET /api/Users completed with 200 in 61 ms (0HNLK87UVT9CP:00000019)
2026-05-17 10:30:42.519 -08:00 [INF] Authorization header exists: true
2026-05-17 10:30:42.521 -08:00 [INF] JWT token validated. IsAuthenticated=true
2026-05-17 10:30:42.523 -08:00 [INF] MediatR handling started GetUsersQuery
2026-05-17 10:30:42.523 -08:00 [INF] Access policy check started for users:read
2026-05-17 10:30:42.525 -08:00 [INF] Access policy evaluation for users:read. UserId=790c2c93-d8e6-4b61-8a11-e4190a1c0805, Roles=[Admin], ActiveRules=7, SubjectMatched=1, ResourceActionMatched=1, Allows=1, Denies=0, Decision=Allowed
2026-05-17 10:30:42.526 -08:00 [INF] Access policy query filter started for users:read
2026-05-17 10:30:42.527 -08:00 [INF] Access policy query filter for users:read. UserId=790c2c93-d8e6-4b61-8a11-e4190a1c0805, Roles=[Admin], ActiveRules=7, SubjectMatched=1, ResourceActionMatched=1, Allows=1, Denies=0
2026-05-17 10:30:42.531 -08:00 [INF] MediatR handling completed GetUsersQuery in 8 ms
2026-05-17 10:30:42.533 -08:00 [INF] HTTP GET /api/Users completed with 200 in 13 ms (0HNLK87UVT9CP:0000001D)
2026-05-17 10:30:45.317 -08:00 [INF] Authorization header exists: true
2026-05-17 10:30:45.319 -08:00 [INF] JWT token validated. IsAuthenticated=true
2026-05-17 10:30:45.321 -08:00 [INF] MediatR handling started GetUsersQuery
2026-05-17 10:30:45.321 -08:00 [INF] Access policy check started for users:read
2026-05-17 10:30:45.323 -08:00 [INF] Access policy evaluation for users:read. UserId=790c2c93-d8e6-4b61-8a11-e4190a1c0805, Roles=[Admin], ActiveRules=7, SubjectMatched=1, ResourceActionMatched=1, Allows=1, Denies=0, Decision=Allowed
2026-05-17 10:30:45.324 -08:00 [INF] Access policy query filter started for users:read
2026-05-17 10:30:45.326 -08:00 [INF] Access policy query filter for users:read. UserId=790c2c93-d8e6-4b61-8a11-e4190a1c0805, Roles=[Admin], ActiveRules=7, SubjectMatched=1, ResourceActionMatched=1, Allows=1, Denies=0
2026-05-17 10:30:45.330 -08:00 [INF] MediatR handling completed GetUsersQuery in 8 ms
2026-05-17 10:30:45.331 -08:00 [INF] HTTP GET /api/Users completed with 200 in 13 ms (0HNLK87UVT9CP:00000021)
2026-05-17 10:30:48.982 -08:00 [INF] Authorization header exists: true
2026-05-17 10:30:48.984 -08:00 [INF] JWT token validated. IsAuthenticated=true
2026-05-17 10:30:48.994 -08:00 [INF] MediatR handling started GetUserByIdQuery
2026-05-17 10:30:48.997 -08:00 [INF] Access policy check started for users:read
2026-05-17 10:30:48.999 -08:00 [INF] Access policy evaluation for users:read. UserId=790c2c93-d8e6-4b61-8a11-e4190a1c0805, Roles=[Admin], ActiveRules=7, SubjectMatched=1, ResourceActionMatched=1, Allows=1, Denies=0, Decision=Allowed
2026-05-17 10:30:49.002 -08:00 [INF] Access policy query filter started for users:read
2026-05-17 10:30:49.003 -08:00 [INF] Access policy query filter for users:read. UserId=790c2c93-d8e6-4b61-8a11-e4190a1c0805, Roles=[Admin], ActiveRules=7, SubjectMatched=1, ResourceActionMatched=1, Allows=1, Denies=0
2026-05-17 10:30:49.073 -08:00 [INF] MediatR handling completed GetUserByIdQuery in 78 ms
2026-05-17 10:30:49.077 -08:00 [INF] HTTP GET /api/Users/790c2c93-d8e6-4b61-8a11-e4190a1c0805 completed with 200 in 95 ms (0HNLK87UVT9CP:00000025)
2026-05-17 10:30:51.467 -08:00 [INF] Authorization header exists: true
2026-05-17 10:30:51.467 -08:00 [INF] Authorization header exists: true
2026-05-17 10:30:51.469 -08:00 [INF] JWT token validated. IsAuthenticated=true
2026-05-17 10:30:51.509 -08:00 [INF] MediatR handling started GetUserByIdQuery
2026-05-17 10:30:51.509 -08:00 [INF] Access policy check started for users:read
2026-05-17 10:30:51.511 -08:00 [INF] Access policy evaluation for users:read. UserId=790c2c93-d8e6-4b61-8a11-e4190a1c0805, Roles=[Admin], ActiveRules=7, SubjectMatched=1, ResourceActionMatched=1, Allows=1, Denies=0, Decision=Allowed
2026-05-17 10:30:51.513 -08:00 [INF] Access policy query filter started for users:read
2026-05-17 10:30:51.516 -08:00 [INF] JWT token validated. IsAuthenticated=true
2026-05-17 10:30:51.516 -08:00 [INF] Access policy query filter for users:read. UserId=790c2c93-d8e6-4b61-8a11-e4190a1c0805, Roles=[Admin], ActiveRules=7, SubjectMatched=1, ResourceActionMatched=1, Allows=1, Denies=0
2026-05-17 10:30:51.525 -08:00 [INF] MediatR handling started GetUserPermissionGraphQuery
2026-05-17 10:30:51.526 -08:00 [INF] MediatR handling completed GetUserByIdQuery in 17 ms
2026-05-17 10:30:51.527 -08:00 [INF] HTTP GET /api/Users/d1ed8be4-9703-45f0-935f-3c39601b55e1 completed with 200 in 60 ms (0HNLK87UVT9CP:0000002B)
2026-05-17 10:30:51.532 -08:00 [INF] Access policy check started for users:read
2026-05-17 10:30:51.534 -08:00 [INF] Access policy evaluation for users:read. UserId=790c2c93-d8e6-4b61-8a11-e4190a1c0805, Roles=[Admin], ActiveRules=7, SubjectMatched=1, ResourceActionMatched=1, Allows=1, Denies=0, Decision=Allowed
2026-05-17 10:30:51.536 -08:00 [INF] Access policy query filter started for users:read
2026-05-17 10:30:51.540 -08:00 [INF] Access policy query filter for users:read. UserId=790c2c93-d8e6-4b61-8a11-e4190a1c0805, Roles=[Admin], ActiveRules=7, SubjectMatched=1, ResourceActionMatched=1, Allows=1, Denies=0
2026-05-17 10:30:51.569 -08:00 [INF] MediatR handling completed GetUserPermissionGraphQuery in 44 ms
2026-05-17 10:30:51.574 -08:00 [INF] HTTP GET /api/Users/d1ed8be4-9703-45f0-935f-3c39601b55e1/permission-graph completed with 200 in 107 ms (0HNLK87UVT9CP:0000002D)
2026-05-17 12:06:24.592 -08:00 [WRN] Entity 'ApplicationUser' has a global query filter defined and is the required end of a relationship with the entity 'OtpToken'. This may lead to unexpected results when the required entity is filtered out. Either configure the navigation as optional, or define matching query filters for both entities in the navigation. See https://go.microsoft.com/fwlink/?linkid=2131316 for more information.
2026-05-17 12:06:24.639 -08:00 [WRN] Entity 'ApplicationUser' has a global query filter defined and is the required end of a relationship with the entity 'RefreshToken'. This may lead to unexpected results when the required entity is filtered out. Either configure the navigation as optional, or define matching query filters for both entities in the navigation. See https://go.microsoft.com/fwlink/?linkid=2131316 for more information.
2026-05-17 12:06:24.650 -08:00 [WRN] Sensitive data logging is enabled. Log entries and exception messages may include sensitive application data; this mode should only be enabled during development.
2026-05-17 12:06:25.347 -08:00 [ERR] Failed executing DbCommand (97ms) [Parameters=[@normalizedName='ADMIN'], CommandType='"Text"', CommandTimeout='30']
SELECT a."Id", a."ConcurrencyStamp", a."DeletedAt", a."Name", a."NormalizedName", a."TrashExpiresAt", a."TrashedAt"
FROM "AspNetRoles" AS a
WHERE a."DeletedAt" IS NULL AND a."TrashedAt" IS NULL AND a."NormalizedName" = @normalizedName
LIMIT 1
2026-05-17 12:06:25.421 -08:00 [ERR] An exception occurred while iterating over the results of a query for context type 'algo.Persistence.Context.ApplicationDbContext'.
Npgsql.PostgresException (0x80004005): 42703: column a.DeletedAt does not exist

POSITION: 38
   at Npgsql.Internal.NpgsqlConnector.ReadMessageLong(Boolean async, DataRowLoadingMode dataRowLoadingMode, Boolean readingNotifications, Boolean isReadingPrependedMessage)
   at System.Runtime.CompilerServices.PoolingAsyncValueTaskMethodBuilder`1.StateMachineBox`1.System.Threading.Tasks.Sources.IValueTaskSource<TResult>.GetResult(Int16 token)
   at Npgsql.NpgsqlDataReader.NextResult(Boolean async, Boolean isConsuming, CancellationToken cancellationToken)
   at Npgsql.NpgsqlDataReader.NextResult(Boolean async, Boolean isConsuming, CancellationToken cancellationToken)
   at Npgsql.NpgsqlCommand.ExecuteReader(Boolean async, CommandBehavior behavior, CancellationToken cancellationToken)
   at Npgsql.NpgsqlCommand.ExecuteReader(Boolean async, CommandBehavior behavior, CancellationToken cancellationToken)
   at Npgsql.NpgsqlCommand.ExecuteDbDataReaderAsync(CommandBehavior behavior, CancellationToken cancellationToken)
   at Microsoft.EntityFrameworkCore.Storage.RelationalCommand.ExecuteReaderAsync(RelationalCommandParameterObject parameterObject, CancellationToken cancellationToken)
   at Microsoft.EntityFrameworkCore.Storage.RelationalCommand.ExecuteReaderAsync(RelationalCommandParameterObject parameterObject, CancellationToken cancellationToken)
   at Microsoft.EntityFrameworkCore.Query.Internal.SingleQueryingEnumerable`1.AsyncEnumerator.InitializeReaderAsync(AsyncEnumerator enumerator, CancellationToken cancellationToken)
   at Npgsql.EntityFrameworkCore.PostgreSQL.Storage.Internal.NpgsqlExecutionStrategy.ExecuteAsync[TState,TResult](TState state, Func`4 operation, Func`4 verifySucceeded, CancellationToken cancellationToken)
   at Microsoft.EntityFrameworkCore.Query.Internal.SingleQueryingEnumerable`1.AsyncEnumerator.MoveNextAsync()
  Exception data:
    Severity: ERROR
    SqlState: 42703
    MessageText: column a.DeletedAt does not exist
    Position: 38
    File: parse_relation.c
    Line: 3827
    Routine: errorMissingColumn
Npgsql.PostgresException (0x80004005): 42703: column a.DeletedAt does not exist

POSITION: 38
   at Npgsql.Internal.NpgsqlConnector.ReadMessageLong(Boolean async, DataRowLoadingMode dataRowLoadingMode, Boolean readingNotifications, Boolean isReadingPrependedMessage)
   at System.Runtime.CompilerServices.PoolingAsyncValueTaskMethodBuilder`1.StateMachineBox`1.System.Threading.Tasks.Sources.IValueTaskSource<TResult>.GetResult(Int16 token)
   at Npgsql.NpgsqlDataReader.NextResult(Boolean async, Boolean isConsuming, CancellationToken cancellationToken)
   at Npgsql.NpgsqlDataReader.NextResult(Boolean async, Boolean isConsuming, CancellationToken cancellationToken)
   at Npgsql.NpgsqlCommand.ExecuteReader(Boolean async, CommandBehavior behavior, CancellationToken cancellationToken)
   at Npgsql.NpgsqlCommand.ExecuteReader(Boolean async, CommandBehavior behavior, CancellationToken cancellationToken)
   at Npgsql.NpgsqlCommand.ExecuteDbDataReaderAsync(CommandBehavior behavior, CancellationToken cancellationToken)
   at Microsoft.EntityFrameworkCore.Storage.RelationalCommand.ExecuteReaderAsync(RelationalCommandParameterObject parameterObject, CancellationToken cancellationToken)
   at Microsoft.EntityFrameworkCore.Storage.RelationalCommand.ExecuteReaderAsync(RelationalCommandParameterObject parameterObject, CancellationToken cancellationToken)
   at Microsoft.EntityFrameworkCore.Query.Internal.SingleQueryingEnumerable`1.AsyncEnumerator.InitializeReaderAsync(AsyncEnumerator enumerator, CancellationToken cancellationToken)
   at Npgsql.EntityFrameworkCore.PostgreSQL.Storage.Internal.NpgsqlExecutionStrategy.ExecuteAsync[TState,TResult](TState state, Func`4 operation, Func`4 verifySucceeded, CancellationToken cancellationToken)
   at Microsoft.EntityFrameworkCore.Query.Internal.SingleQueryingEnumerable`1.AsyncEnumerator.MoveNextAsync()
  Exception data:
    Severity: ERROR
    SqlState: 42703
    MessageText: column a.DeletedAt does not exist
    Position: 38
    File: parse_relation.c
    Line: 3827
    Routine: errorMissingColumn
2026-05-17 12:43:31.355 -08:00 [WRN] Entity 'ApplicationUser' has a global query filter defined and is the required end of a relationship with the entity 'OtpToken'. This may lead to unexpected results when the required entity is filtered out. Either configure the navigation as optional, or define matching query filters for both entities in the navigation. See https://go.microsoft.com/fwlink/?linkid=2131316 for more information.
2026-05-17 12:43:31.395 -08:00 [WRN] Entity 'ApplicationUser' has a global query filter defined and is the required end of a relationship with the entity 'RefreshToken'. This may lead to unexpected results when the required entity is filtered out. Either configure the navigation as optional, or define matching query filters for both entities in the navigation. See https://go.microsoft.com/fwlink/?linkid=2131316 for more information.
2026-05-17 12:43:31.405 -08:00 [WRN] Sensitive data logging is enabled. Log entries and exception messages may include sensitive application data; this mode should only be enabled during development.
2026-05-17 12:43:32.092 -08:00 [ERR] Failed executing DbCommand (133ms) [Parameters=[@normalizedName='ADMIN'], CommandType='"Text"', CommandTimeout='30']
SELECT a."Id", a."ConcurrencyStamp", a."CustomFields", a."DeletedAt", a."Name", a."NormalizedName", a."TrashExpiresAt", a."TrashedAt"
FROM "AspNetRoles" AS a
WHERE a."DeletedAt" IS NULL AND a."TrashedAt" IS NULL AND a."NormalizedName" = @normalizedName
LIMIT 1
2026-05-17 12:43:32.158 -08:00 [ERR] An exception occurred while iterating over the results of a query for context type 'algo.Persistence.Context.ApplicationDbContext'.
Npgsql.PostgresException (0x80004005): 42703: column a.CustomFields does not exist

POSITION: 38
   at Npgsql.Internal.NpgsqlConnector.ReadMessageLong(Boolean async, DataRowLoadingMode dataRowLoadingMode, Boolean readingNotifications, Boolean isReadingPrependedMessage)
   at System.Runtime.CompilerServices.PoolingAsyncValueTaskMethodBuilder`1.StateMachineBox`1.System.Threading.Tasks.Sources.IValueTaskSource<TResult>.GetResult(Int16 token)
   at Npgsql.NpgsqlDataReader.NextResult(Boolean async, Boolean isConsuming, CancellationToken cancellationToken)
   at Npgsql.NpgsqlDataReader.NextResult(Boolean async, Boolean isConsuming, CancellationToken cancellationToken)
   at Npgsql.NpgsqlCommand.ExecuteReader(Boolean async, CommandBehavior behavior, CancellationToken cancellationToken)
   at Npgsql.NpgsqlCommand.ExecuteReader(Boolean async, CommandBehavior behavior, CancellationToken cancellationToken)
   at Npgsql.NpgsqlCommand.ExecuteDbDataReaderAsync(CommandBehavior behavior, CancellationToken cancellationToken)
   at Microsoft.EntityFrameworkCore.Storage.RelationalCommand.ExecuteReaderAsync(RelationalCommandParameterObject parameterObject, CancellationToken cancellationToken)
   at Microsoft.EntityFrameworkCore.Storage.RelationalCommand.ExecuteReaderAsync(RelationalCommandParameterObject parameterObject, CancellationToken cancellationToken)
   at Microsoft.EntityFrameworkCore.Query.Internal.SingleQueryingEnumerable`1.AsyncEnumerator.InitializeReaderAsync(AsyncEnumerator enumerator, CancellationToken cancellationToken)
   at Npgsql.EntityFrameworkCore.PostgreSQL.Storage.Internal.NpgsqlExecutionStrategy.ExecuteAsync[TState,TResult](TState state, Func`4 operation, Func`4 verifySucceeded, CancellationToken cancellationToken)
   at Microsoft.EntityFrameworkCore.Query.Internal.SingleQueryingEnumerable`1.AsyncEnumerator.MoveNextAsync()
  Exception data:
    Severity: ERROR
    SqlState: 42703
    MessageText: column a.CustomFields does not exist
    Position: 38
    File: parse_relation.c
    Line: 3827
    Routine: errorMissingColumn
Npgsql.PostgresException (0x80004005): 42703: column a.CustomFields does not exist

POSITION: 38
   at Npgsql.Internal.NpgsqlConnector.ReadMessageLong(Boolean async, DataRowLoadingMode dataRowLoadingMode, Boolean readingNotifications, Boolean isReadingPrependedMessage)
   at System.Runtime.CompilerServices.PoolingAsyncValueTaskMethodBuilder`1.StateMachineBox`1.System.Threading.Tasks.Sources.IValueTaskSource<TResult>.GetResult(Int16 token)
   at Npgsql.NpgsqlDataReader.NextResult(Boolean async, Boolean isConsuming, CancellationToken cancellationToken)
   at Npgsql.NpgsqlDataReader.NextResult(Boolean async, Boolean isConsuming, CancellationToken cancellationToken)
   at Npgsql.NpgsqlCommand.ExecuteReader(Boolean async, CommandBehavior behavior, CancellationToken cancellationToken)
   at Npgsql.NpgsqlCommand.ExecuteReader(Boolean async, CommandBehavior behavior, CancellationToken cancellationToken)
   at Npgsql.NpgsqlCommand.ExecuteDbDataReaderAsync(CommandBehavior behavior, CancellationToken cancellationToken)
   at Microsoft.EntityFrameworkCore.Storage.RelationalCommand.ExecuteReaderAsync(RelationalCommandParameterObject parameterObject, CancellationToken cancellationToken)
   at Microsoft.EntityFrameworkCore.Storage.RelationalCommand.ExecuteReaderAsync(RelationalCommandParameterObject parameterObject, CancellationToken cancellationToken)
   at Microsoft.EntityFrameworkCore.Query.Internal.SingleQueryingEnumerable`1.AsyncEnumerator.InitializeReaderAsync(AsyncEnumerator enumerator, CancellationToken cancellationToken)
   at Npgsql.EntityFrameworkCore.PostgreSQL.Storage.Internal.NpgsqlExecutionStrategy.ExecuteAsync[TState,TResult](TState state, Func`4 operation, Func`4 verifySucceeded, CancellationToken cancellationToken)
   at Microsoft.EntityFrameworkCore.Query.Internal.SingleQueryingEnumerable`1.AsyncEnumerator.MoveNextAsync()
  Exception data:
    Severity: ERROR
    SqlState: 42703
    MessageText: column a.CustomFields does not exist
    Position: 38
    File: parse_relation.c
    Line: 3827
    Routine: errorMissingColumn
2026-05-17 12:43:50.225 -08:00 [WRN] Entity 'ApplicationUser' has a global query filter defined and is the required end of a relationship with the entity 'OtpToken'. This may lead to unexpected results when the required entity is filtered out. Either configure the navigation as optional, or define matching query filters for both entities in the navigation. See https://go.microsoft.com/fwlink/?linkid=2131316 for more information.
2026-05-17 12:43:50.262 -08:00 [WRN] Entity 'ApplicationUser' has a global query filter defined and is the required end of a relationship with the entity 'RefreshToken'. This may lead to unexpected results when the required entity is filtered out. Either configure the navigation as optional, or define matching query filters for both entities in the navigation. See https://go.microsoft.com/fwlink/?linkid=2131316 for more information.
2026-05-17 12:43:50.273 -08:00 [WRN] Sensitive data logging is enabled. Log entries and exception messages may include sensitive application data; this mode should only be enabled during development.
2026-05-17 12:43:50.836 -08:00 [ERR] Failed executing DbCommand (89ms) [Parameters=[@normalizedName='ADMIN'], CommandType='"Text"', CommandTimeout='30']
SELECT a."Id", a."ConcurrencyStamp", a."CustomFields", a."DeletedAt", a."Name", a."NormalizedName", a."TrashExpiresAt", a."TrashedAt"
FROM "AspNetRoles" AS a
WHERE a."DeletedAt" IS NULL AND a."TrashedAt" IS NULL AND a."NormalizedName" = @normalizedName
LIMIT 1
2026-05-17 12:43:50.911 -08:00 [ERR] An exception occurred while iterating over the results of a query for context type 'algo.Persistence.Context.ApplicationDbContext'.
Npgsql.PostgresException (0x80004005): 42703: column a.CustomFields does not exist

POSITION: 38
   at Npgsql.Internal.NpgsqlConnector.ReadMessageLong(Boolean async, DataRowLoadingMode dataRowLoadingMode, Boolean readingNotifications, Boolean isReadingPrependedMessage)
   at System.Runtime.CompilerServices.PoolingAsyncValueTaskMethodBuilder`1.StateMachineBox`1.System.Threading.Tasks.Sources.IValueTaskSource<TResult>.GetResult(Int16 token)
   at Npgsql.NpgsqlDataReader.NextResult(Boolean async, Boolean isConsuming, CancellationToken cancellationToken)
   at Npgsql.NpgsqlDataReader.NextResult(Boolean async, Boolean isConsuming, CancellationToken cancellationToken)
   at Npgsql.NpgsqlCommand.ExecuteReader(Boolean async, CommandBehavior behavior, CancellationToken cancellationToken)
   at Npgsql.NpgsqlCommand.ExecuteReader(Boolean async, CommandBehavior behavior, CancellationToken cancellationToken)
   at Npgsql.NpgsqlCommand.ExecuteDbDataReaderAsync(CommandBehavior behavior, CancellationToken cancellationToken)
   at Microsoft.EntityFrameworkCore.Storage.RelationalCommand.ExecuteReaderAsync(RelationalCommandParameterObject parameterObject, CancellationToken cancellationToken)
   at Microsoft.EntityFrameworkCore.Storage.RelationalCommand.ExecuteReaderAsync(RelationalCommandParameterObject parameterObject, CancellationToken cancellationToken)
   at Microsoft.EntityFrameworkCore.Query.Internal.SingleQueryingEnumerable`1.AsyncEnumerator.InitializeReaderAsync(AsyncEnumerator enumerator, CancellationToken cancellationToken)
   at Npgsql.EntityFrameworkCore.PostgreSQL.Storage.Internal.NpgsqlExecutionStrategy.ExecuteAsync[TState,TResult](TState state, Func`4 operation, Func`4 verifySucceeded, CancellationToken cancellationToken)
   at Microsoft.EntityFrameworkCore.Query.Internal.SingleQueryingEnumerable`1.AsyncEnumerator.MoveNextAsync()
  Exception data:
    Severity: ERROR
    SqlState: 42703
    MessageText: column a.CustomFields does not exist
    Position: 38
    File: parse_relation.c
    Line: 3827
    Routine: errorMissingColumn
Npgsql.PostgresException (0x80004005): 42703: column a.CustomFields does not exist

POSITION: 38
   at Npgsql.Internal.NpgsqlConnector.ReadMessageLong(Boolean async, DataRowLoadingMode dataRowLoadingMode, Boolean readingNotifications, Boolean isReadingPrependedMessage)
   at System.Runtime.CompilerServices.PoolingAsyncValueTaskMethodBuilder`1.StateMachineBox`1.System.Threading.Tasks.Sources.IValueTaskSource<TResult>.GetResult(Int16 token)
   at Npgsql.NpgsqlDataReader.NextResult(Boolean async, Boolean isConsuming, CancellationToken cancellationToken)
   at Npgsql.NpgsqlDataReader.NextResult(Boolean async, Boolean isConsuming, CancellationToken cancellationToken)
   at Npgsql.NpgsqlCommand.ExecuteReader(Boolean async, CommandBehavior behavior, CancellationToken cancellationToken)
   at Npgsql.NpgsqlCommand.ExecuteReader(Boolean async, CommandBehavior behavior, CancellationToken cancellationToken)
   at Npgsql.NpgsqlCommand.ExecuteDbDataReaderAsync(CommandBehavior behavior, CancellationToken cancellationToken)
   at Microsoft.EntityFrameworkCore.Storage.RelationalCommand.ExecuteReaderAsync(RelationalCommandParameterObject parameterObject, CancellationToken cancellationToken)
   at Microsoft.EntityFrameworkCore.Storage.RelationalCommand.ExecuteReaderAsync(RelationalCommandParameterObject parameterObject, CancellationToken cancellationToken)
   at Microsoft.EntityFrameworkCore.Query.Internal.SingleQueryingEnumerable`1.AsyncEnumerator.InitializeReaderAsync(AsyncEnumerator enumerator, CancellationToken cancellationToken)
   at Npgsql.EntityFrameworkCore.PostgreSQL.Storage.Internal.NpgsqlExecutionStrategy.ExecuteAsync[TState,TResult](TState state, Func`4 operation, Func`4 verifySucceeded, CancellationToken cancellationToken)
   at Microsoft.EntityFrameworkCore.Query.Internal.SingleQueryingEnumerable`1.AsyncEnumerator.MoveNextAsync()
  Exception data:
    Severity: ERROR
    SqlState: 42703
    MessageText: column a.CustomFields does not exist
    Position: 38
    File: parse_relation.c
    Line: 3827
    Routine: errorMissingColumn
2026-05-17 13:03:15.298 -08:00 [WRN] Entity 'ApplicationUser' has a global query filter defined and is the required end of a relationship with the entity 'OtpToken'. This may lead to unexpected results when the required entity is filtered out. Either configure the navigation as optional, or define matching query filters for both entities in the navigation. See https://go.microsoft.com/fwlink/?linkid=2131316 for more information.
2026-05-17 13:03:15.336 -08:00 [WRN] Entity 'ApplicationUser' has a global query filter defined and is the required end of a relationship with the entity 'RefreshToken'. This may lead to unexpected results when the required entity is filtered out. Either configure the navigation as optional, or define matching query filters for both entities in the navigation. See https://go.microsoft.com/fwlink/?linkid=2131316 for more information.
2026-05-17 13:03:15.346 -08:00 [WRN] Sensitive data logging is enabled. Log entries and exception messages may include sensitive application data; this mode should only be enabled during development.
2026-05-17 13:03:15.954 -08:00 [ERR] Failed executing DbCommand (115ms) [Parameters=[@normalizedName='ADMIN'], CommandType='"Text"', CommandTimeout='30']
SELECT a."Id", a."ConcurrencyStamp", a."CustomFields", a."DeletedAt", a."Name", a."NormalizedName", a."TrashExpiresAt", a."TrashedAt"
FROM "AspNetRoles" AS a
WHERE a."DeletedAt" IS NULL AND a."TrashedAt" IS NULL AND a."NormalizedName" = @normalizedName
LIMIT 1
2026-05-17 13:03:16.035 -08:00 [ERR] An exception occurred while iterating over the results of a query for context type 'algo.Persistence.Context.ApplicationDbContext'.
Npgsql.PostgresException (0x80004005): 42703: column a.CustomFields does not exist

POSITION: 38
   at Npgsql.Internal.NpgsqlConnector.ReadMessageLong(Boolean async, DataRowLoadingMode dataRowLoadingMode, Boolean readingNotifications, Boolean isReadingPrependedMessage)
   at System.Runtime.CompilerServices.PoolingAsyncValueTaskMethodBuilder`1.StateMachineBox`1.System.Threading.Tasks.Sources.IValueTaskSource<TResult>.GetResult(Int16 token)
   at Npgsql.NpgsqlDataReader.NextResult(Boolean async, Boolean isConsuming, CancellationToken cancellationToken)
   at Npgsql.NpgsqlDataReader.NextResult(Boolean async, Boolean isConsuming, CancellationToken cancellationToken)
   at Npgsql.NpgsqlCommand.ExecuteReader(Boolean async, CommandBehavior behavior, CancellationToken cancellationToken)
   at Npgsql.NpgsqlCommand.ExecuteReader(Boolean async, CommandBehavior behavior, CancellationToken cancellationToken)
   at Npgsql.NpgsqlCommand.ExecuteDbDataReaderAsync(CommandBehavior behavior, CancellationToken cancellationToken)
   at Microsoft.EntityFrameworkCore.Storage.RelationalCommand.ExecuteReaderAsync(RelationalCommandParameterObject parameterObject, CancellationToken cancellationToken)
   at Microsoft.EntityFrameworkCore.Storage.RelationalCommand.ExecuteReaderAsync(RelationalCommandParameterObject parameterObject, CancellationToken cancellationToken)
   at Microsoft.EntityFrameworkCore.Query.Internal.SingleQueryingEnumerable`1.AsyncEnumerator.InitializeReaderAsync(AsyncEnumerator enumerator, CancellationToken cancellationToken)
   at Npgsql.EntityFrameworkCore.PostgreSQL.Storage.Internal.NpgsqlExecutionStrategy.ExecuteAsync[TState,TResult](TState state, Func`4 operation, Func`4 verifySucceeded, CancellationToken cancellationToken)
   at Microsoft.EntityFrameworkCore.Query.Internal.SingleQueryingEnumerable`1.AsyncEnumerator.MoveNextAsync()
  Exception data:
    Severity: ERROR
    SqlState: 42703
    MessageText: column a.CustomFields does not exist
    Position: 38
    File: parse_relation.c
    Line: 3827
    Routine: errorMissingColumn
Npgsql.PostgresException (0x80004005): 42703: column a.CustomFields does not exist

POSITION: 38
   at Npgsql.Internal.NpgsqlConnector.ReadMessageLong(Boolean async, DataRowLoadingMode dataRowLoadingMode, Boolean readingNotifications, Boolean isReadingPrependedMessage)
   at System.Runtime.CompilerServices.PoolingAsyncValueTaskMethodBuilder`1.StateMachineBox`1.System.Threading.Tasks.Sources.IValueTaskSource<TResult>.GetResult(Int16 token)
   at Npgsql.NpgsqlDataReader.NextResult(Boolean async, Boolean isConsuming, CancellationToken cancellationToken)
   at Npgsql.NpgsqlDataReader.NextResult(Boolean async, Boolean isConsuming, CancellationToken cancellationToken)
   at Npgsql.NpgsqlCommand.ExecuteReader(Boolean async, CommandBehavior behavior, CancellationToken cancellationToken)
   at Npgsql.NpgsqlCommand.ExecuteReader(Boolean async, CommandBehavior behavior, CancellationToken cancellationToken)
   at Npgsql.NpgsqlCommand.ExecuteDbDataReaderAsync(CommandBehavior behavior, CancellationToken cancellationToken)
   at Microsoft.EntityFrameworkCore.Storage.RelationalCommand.ExecuteReaderAsync(RelationalCommandParameterObject parameterObject, CancellationToken cancellationToken)
   at Microsoft.EntityFrameworkCore.Storage.RelationalCommand.ExecuteReaderAsync(RelationalCommandParameterObject parameterObject, CancellationToken cancellationToken)
   at Microsoft.EntityFrameworkCore.Query.Internal.SingleQueryingEnumerable`1.AsyncEnumerator.InitializeReaderAsync(AsyncEnumerator enumerator, CancellationToken cancellationToken)
   at Npgsql.EntityFrameworkCore.PostgreSQL.Storage.Internal.NpgsqlExecutionStrategy.ExecuteAsync[TState,TResult](TState state, Func`4 operation, Func`4 verifySucceeded, CancellationToken cancellationToken)
   at Microsoft.EntityFrameworkCore.Query.Internal.SingleQueryingEnumerable`1.AsyncEnumerator.MoveNextAsync()
  Exception data:
    Severity: ERROR
    SqlState: 42703
    MessageText: column a.CustomFields does not exist
    Position: 38
    File: parse_relation.c
    Line: 3827
    Routine: errorMissingColumn
