[1m[31m(node:12352) [DEP0205] DeprecationWarning: `module.register()` is deprecated. Use `module.registerHooks()` instead.
(Use `node --trace-deprecation ...` to show where the warning was created)[39m[22m
[1m[31mERROR: Bad Request ("http://localhost:4200/dashboard").
Header "host" with value "localhost:4200" is not allowed.

For more information, see https://angular.dev/best-practices/security#preventing-server-side-request-forgery-ssrf[39m[22m
[1m[31mERROR: Bad Request ("http://localhost:4200/auth/login").
Header "host" with value "localhost:4200" is not allowed.

For more information, see https://angular.dev/best-practices/security#preventing-server-side-request-forgery-ssrf[39m[22m
[1m[31mERROR: Bad Request ("http://localhost:4200/auth/login").
Header "host" with value "localhost:4200" is not allowed.

For more information, see https://angular.dev/best-practices/security#preventing-server-side-request-forgery-ssrf[39m[22m
[1m[31mERROR: Bad Request ("http://localhost:4200/auth/login").
Header "host" with value "localhost:4200" is not allowed.

For more information, see https://angular.dev/best-practices/security#preventing-server-side-request-forgery-ssrf[39m[22m
[1m[31mERROR: Bad Request ("http://localhost:4200/").
Header "host" with value "localhost:4200" is not allowed.

For more information, see https://angular.dev/best-practices/security#preventing-server-side-request-forgery-ssrf[39m[22m
[1m[31mERROR: Bad Request ("http://localhost:4200/").
Header "host" with value "localhost:4200" is not allowed.

For more information, see https://angular.dev/best-practices/security#preventing-server-side-request-forgery-ssrf[39m[22m
