
> algo.ui@0.0.0 start
> ng serve --host 127.0.0.1 --port 4200

[33m>[39m Building...
[32m√[39m Building...
[35mBrowser bundles[39m     
[1mInitial chunk files[22m [2m | [22m[1mNames[22m               [2m | [22m [1mRaw size[22m
[32mstyles.css[39m          [2m | [22m[2mstyles[22m              [2m | [22m [36m58.35 kB[39m[2m | [22m
[32mmain.js[39m             [2m | [22m[2mmain[22m                [2m | [22m  [36m6.16 kB[39m[2m | [22m
[32mchunk-UU7LDKNH.js[39m   [2m | [22m[2m-[22m                   [2m | [22m  [36m1.99 kB[39m[2m | [22m
[32mchunk-YQOESBWP.js[39m   [2m | [22m[2m-[22m                   [2m | [22m[36m754 bytes[39m[2m | [22m

[1m [22m                   [2m | [22m[1mInitial total[22m       [2m | [22m [1m67.26 kB[22m

[1mLazy chunk files[22m    [2m | [22m[1mNames[22m               [2m | [22m [1mRaw size[22m
[32mchunk-JC2BYLJB.js[39m   [2m | [22m[2moverview[22m            [2m | [22m [36m76.28 kB[39m[2m | [22m
[32mchunk-JIVLLTET.js[39m   [2m | [22m[2m-[22m                   [2m | [22m [36m46.65 kB[39m[2m | [22m
[32mchunk-OFHZKDH2.js[39m   [2m | [22m[2mdashboard-layout[22m    [2m | [22m [36m24.16 kB[39m[2m | [22m
[32mchunk-DGE4J27T.js[39m   [2m | [22m[2m-[22m                   [2m | [22m [36m18.96 kB[39m[2m | [22m
[32mchunk-RKNJLV2Y.js[39m   [2m | [22m[2musers-list[22m          [2m | [22m [36m16.65 kB[39m[2m | [22m
[32mchunk-P4KBHTJU.js[39m   [2m | [22m[2maccess-policies-list[22m[2m | [22m [36m14.23 kB[39m[2m | [22m
[32mchunk-NUTJQN66.js[39m   [2m | [22m[2mregister[22m            [2m | [22m [36m13.10 kB[39m[2m | [22m
[32mchunk-245ESU2G.js[39m   [2m | [22m[2mlogin[22m               [2m | [22m [36m11.37 kB[39m[2m | [22m
[32mchunk-5NATLYT5.js[39m   [2m | [22m[2mroles-list[22m          [2m | [22m [36m11.34 kB[39m[2m | [22m
[32mchunk-J5XPA3X5.js[39m   [2m | [22m[2merror-logs-list[22m     [2m | [22m  [36m9.65 kB[39m[2m | [22m
[32mchunk-Z4T5Z6LI.js[39m   [2m | [22m[2mlogs-list[22m           [2m | [22m  [36m9.21 kB[39m[2m | [22m
[32mchunk-LV6K4NVQ.js[39m   [2m | [22m[2m-[22m                   [2m | [22m  [36m2.46 kB[39m[2m | [22m
[32mchunk-54PAYNZT.js[39m   [2m | [22m[2mauth-layout[22m         [2m | [22m  [36m2.24 kB[39m[2m | [22m
[32mchunk-BOTHHCYI.js[39m   [2m | [22m[2m-[22m                   [2m | [22m  [36m2.17 kB[39m[2m | [22m
[32mchunk-KU6MKGFE.js[39m   [2m | [22m[2msettings-home[22m       [2m | [22m  [36m1.89 kB[39m[2m | [22m
[2m...and 14 more lazy chunks files. Use "--verbose" to show all the files.[22m


[35mServer bundles[39m      
[1mInitial chunk files[22m [2m | [22m[1mNames[22m               [2m | [22m [1mRaw size[22m
[32mmain.server.mjs[39m     [2m | [22m[2mmain.server[22m         [2m | [22m  [36m7.44 kB[39m[2m | [22m
[32mchunk-4DZKCMZE.mjs[39m  [2m | [22m[2m-[22m                   [2m | [22m  [36m2.02 kB[39m[2m | [22m
[32mserver.mjs[39m          [2m | [22m[2mserver[22m              [2m | [22m  [36m1.84 kB[39m[2m | [22m
[32mchunk-FFILDKJJ.mjs[39m  [2m | [22m[2m-[22m                   [2m | [22m[36m788 bytes[39m[2m | [22m
[32mpolyfills.server.mjs[39m[2m | [22m[2mpolyfills.server[22m    [2m | [22m[36m268 bytes[39m[2m | [22m

[1mLazy chunk files[22m    [2m | [22m[1mNames[22m               [2m | [22m [1mRaw size[22m
[32mchunk-SKS2U7ZR.mjs[39m  [2m | [22m[2moverview[22m            [2m | [22m [36m76.32 kB[39m[2m | [22m
[32mchunk-REEIG4F3.mjs[39m  [2m | [22m[2m-[22m                   [2m | [22m [36m46.69 kB[39m[2m | [22m
[32mchunk-IJ2E7OH2.mjs[39m  [2m | [22m[2mdashboard-layout[22m    [2m | [22m [36m24.19 kB[39m[2m | [22m
[32mchunk-YCGMDYQX.mjs[39m  [2m | [22m[2m-[22m                   [2m | [22m [36m18.99 kB[39m[2m | [22m
[32mchunk-ED7GABSC.mjs[39m  [2m | [22m[2musers-list[22m          [2m | [22m [36m16.69 kB[39m[2m | [22m
[32mchunk-573XTLRJ.mjs[39m  [2m | [22m[2maccess-policies-list[22m[2m | [22m [36m14.27 kB[39m[2m | [22m
[32mchunk-IFU3LXC7.mjs[39m  [2m | [22m[2mregister[22m            [2m | [22m [36m13.14 kB[39m[2m | [22m
[32mchunk-THC2W4OI.mjs[39m  [2m | [22m[2mlogin[22m               [2m | [22m [36m11.41 kB[39m[2m | [22m
[32mchunk-ICGNMKAH.mjs[39m  [2m | [22m[2mroles-list[22m          [2m | [22m [36m11.38 kB[39m[2m | [22m
[32mchunk-YQ3KFKUI.mjs[39m  [2m | [22m[2merror-logs-list[22m     [2m | [22m  [36m9.69 kB[39m[2m | [22m
[32mchunk-MEZ4KY7J.mjs[39m  [2m | [22m[2mlogs-list[22m           [2m | [22m  [36m9.25 kB[39m[2m | [22m
[32mchunk-JJZGB6AK.mjs[39m  [2m | [22m[2m-[22m                   [2m | [22m  [36m2.50 kB[39m[2m | [22m
[32mchunk-E5HR37HW.mjs[39m  [2m | [22m[2mauth-layout[22m         [2m | [22m  [36m2.27 kB[39m[2m | [22m
[32mchunk-IZIZPGWC.mjs[39m  [2m | [22m[2m-[22m                   [2m | [22m  [36m2.20 kB[39m[2m | [22m
[32mchunk-5ZN3H3RV.mjs[39m  [2m | [22m[2msettings-home[22m       [2m | [22m  [36m1.92 kB[39m[2m | [22m
[2m...and 14 more lazy chunks files. Use "--verbose" to show all the files.[22m

Application bundle generation complete. [2.548 seconds] - 2026-05-08T09:04:00.160Z

Watch mode enabled. Watching for file changes...
NOTE: Raw file sizes do not reflect development server per-request transformations.
  [32m➜[39m  [1mLocal[22m:   [36mhttp://127.0.0.1:[1m4200[22m/[39m
[33m>[39m Changes detected. Rebuilding...
[32m√[39m Changes detected. Rebuilding...
[35mBrowser bundles[39m    
[1mInitial chunk files[22m[2m | [22m[1mNames[22m           [2m | [22m [1mRaw size[22m
[32mmain.js[39m            [2m | [22m[2mmain[22m            [2m | [22m  [36m6.16 kB[39m[2m | [22m

[1mLazy chunk files[22m   [2m | [22m[1mNames[22m           [2m | [22m [1mRaw size[22m
[32mchunk-VYOGQYT2.js[39m  [2m | [22m[2moverview[22m        [2m | [22m [36m76.64 kB[39m[2m | [22m
[32mchunk-WF3GVKJO.js[39m  [2m | [22m[2mdashboard-routes[22m[2m | [22m[36m451 bytes[39m[2m | [22m


[35mServer bundles[39m     
[1mInitial chunk files[22m[2m | [22m[1mNames[22m           [2m | [22m [1mRaw size[22m
[32mmain.server.mjs[39m    [2m | [22m[2mmain.server[22m     [2m | [22m  [36m7.44 kB[39m[2m | [22m

[1mLazy chunk files[22m   [2m | [22m[1mNames[22m           [2m | [22m [1mRaw size[22m
[32mchunk-EDXELFX5.mjs[39m [2m | [22m[2moverview[22m        [2m | [22m [36m76.68 kB[39m[2m | [22m
[32mchunk-YL5PPCPI.mjs[39m [2m | [22m[2mdashboard-routes[22m[2m | [22m[36m486 bytes[39m[2m | [22m

Application bundle generation complete. [1.277 seconds] - 2026-05-08T09:05:11.901Z

Page reload sent to client(s).
[33m>[39m Changes detected. Rebuilding...
[32m√[39m Changes detected. Rebuilding...
[35mBrowser bundles[39m    
[1mInitial chunk files[22m[2m | [22m[1mNames[22m                 [2m | [22m [1mRaw size[22m
[32mmain.js[39m            [2m | [22m[2mmain[22m                  [2m | [22m  [36m6.16 kB[39m[2m | [22m

[1mLazy chunk files[22m   [2m | [22m[1mNames[22m                 [2m | [22m [1mRaw size[22m
[32mchunk-6W2SI526.js[39m  [2m | [22m[2m-[22m                     [2m | [22m [36m46.37 kB[39m[2m | [22m
[32mchunk-4NTITEI4.js[39m  [2m | [22m[2musers-list[22m            [2m | [22m [36m16.65 kB[39m[2m | [22m
[32mchunk-XZJSAVUI.js[39m  [2m | [22m[2maccess-policies-list[22m  [2m | [22m [36m14.23 kB[39m[2m | [22m
[32mchunk-YGJCM3QN.js[39m  [2m | [22m[2mroles-list[22m            [2m | [22m [36m11.34 kB[39m[2m | [22m
[32mchunk-45NWYRMQ.js[39m  [2m | [22m[2merror-logs-list[22m       [2m | [22m  [36m9.65 kB[39m[2m | [22m
[32mchunk-LYLCNEU7.js[39m  [2m | [22m[2mlogs-list[22m             [2m | [22m  [36m9.21 kB[39m[2m | [22m
[32mchunk-JJPZD2FY.js[39m  [2m | [22m[2maccess-policies-routes[22m[2m | [22m[36m521 bytes[39m[2m | [22m
[32mchunk-X6HLZURV.js[39m  [2m | [22m[2merror-logs-routes[22m     [2m | [22m[36m476 bytes[39m[2m | [22m
[32mchunk-KX2GBZEE.js[39m  [2m | [22m[2musers-routes[22m          [2m | [22m[36m432 bytes[39m[2m | [22m
[32mchunk-26W5QPJ4.js[39m  [2m | [22m[2mroles-routes[22m          [2m | [22m[36m432 bytes[39m[2m | [22m
[32mchunk-B33V3KLH.js[39m  [2m | [22m[2mlogs-routes[22m           [2m | [22m[36m423 bytes[39m[2m | [22m


[35mServer bundles[39m     
[1mInitial chunk files[22m[2m | [22m[1mNames[22m                 [2m | [22m [1mRaw size[22m
[32mmain.server.mjs[39m    [2m | [22m[2mmain.server[22m           [2m | [22m  [36m7.44 kB[39m[2m | [22m

[1mLazy chunk files[22m   [2m | [22m[1mNames[22m                 [2m | [22m [1mRaw size[22m
[32mchunk-7KBPVEC4.mjs[39m [2m | [22m[2m-[22m                     [2m | [22m [36m46.40 kB[39m[2m | [22m
[32mchunk-OSPPTCKO.mjs[39m [2m | [22m[2musers-list[22m            [2m | [22m [36m16.69 kB[39m[2m | [22m
[32mchunk-ULHA5CW6.mjs[39m [2m | [22m[2maccess-policies-list[22m  [2m | [22m [36m14.27 kB[39m[2m | [22m
[32mchunk-OQEUCWTF.mjs[39m [2m | [22m[2mroles-list[22m            [2m | [22m [36m11.38 kB[39m[2m | [22m
[32mchunk-D6EKZKMS.mjs[39m [2m | [22m[2merror-logs-list[22m       [2m | [22m  [36m9.69 kB[39m[2m | [22m
[32mchunk-P3XS62LD.mjs[39m [2m | [22m[2mlogs-list[22m             [2m | [22m  [36m9.25 kB[39m[2m | [22m
[32mchunk-GAYV3U7A.mjs[39m [2m | [22m[2maccess-policies-routes[22m[2m | [22m[36m556 bytes[39m[2m | [22m
[32mchunk-2S46OZ2I.mjs[39m [2m | [22m[2merror-logs-routes[22m     [2m | [22m[36m511 bytes[39m[2m | [22m
[32mchunk-U5YOKGVW.mjs[39m [2m | [22m[2musers-routes[22m          [2m | [22m[36m467 bytes[39m[2m | [22m
[32mchunk-SPCNIMJW.mjs[39m [2m | [22m[2mroles-routes[22m          [2m | [22m[36m467 bytes[39m[2m | [22m
[32mchunk-6RYGDENM.mjs[39m [2m | [22m[2mlogs-routes[22m           [2m | [22m[36m458 bytes[39m[2m | [22m

Application bundle generation complete. [0.619 seconds] - 2026-05-08T09:09:28.733Z

Component update sent to client(s).
[33m>[39m Changes detected. Rebuilding...
[32m√[39m Changes detected. Rebuilding...
[1mInitial chunk files[22m[2m | [22m[1mNames[22m [2m | [22m[1mRaw size[22m
[32mstyles.css[39m         [2m | [22m[2mstyles[22m[2m | [22m[36m59.74 kB[39m[2m | [22m

Application bundle generation complete. [0.172 seconds] - 2026-05-08T09:09:45.503Z

Stylesheet update sent to client(s).
[33m>[39m Changes detected. Rebuilding...
[32m√[39m Changes detected. Rebuilding...
[35mBrowser bundles[39m    
[1mInitial chunk files[22m[2m | [22m[1mNames[22m           [2m | [22m[1mRaw size[22m
[32mmain.js[39m            [2m | [22m[2mmain[22m            [2m | [22m [36m6.16 kB[39m[2m | [22m

[1mLazy chunk files[22m   [2m | [22m[1mNames[22m           [2m | [22m[1mRaw size[22m
[32mchunk-QTXRBIHS.js[39m  [2m | [22m[2mdashboard-layout[22m[2m | [22m[36m27.98 kB[39m[2m | [22m


[35mServer bundles[39m     
[1mInitial chunk files[22m[2m | [22m[1mNames[22m           [2m | [22m[1mRaw size[22m
[32mmain.server.mjs[39m    [2m | [22m[2mmain.server[22m     [2m | [22m [36m7.44 kB[39m[2m | [22m

[1mLazy chunk files[22m   [2m | [22m[1mNames[22m           [2m | [22m[1mRaw size[22m
[32mchunk-FGOKCK74.mjs[39m [2m | [22m[2mdashboard-layout[22m[2m | [22m[36m28.01 kB[39m[2m | [22m

Application bundle generation complete. [0.482 seconds] - 2026-05-08T09:11:26.801Z

Page reload sent to client(s).
